mysql> source create.sql;
Query OK, 0 rows affected (0.06 sec)

Query OK, 0 rows affected (0.06 sec)

Query OK, 0 rows affected (0.09 sec)

Query OK, 0 rows affected (0.07 sec)

mysql> source populate.sql;
Query OK, 3 rows affected (0.08 sec)
Records: 3  Duplicates: 0  Warnings: 0

Query OK, 10 rows affected (0.03 sec)
Records: 10  Duplicates: 0  Warnings: 0

Query OK, 12 rows affected (0.03 sec)
Records: 12  Duplicates: 0  Warnings: 0

Query OK, 9 rows affected (0.04 sec)
Records: 9  Duplicates: 0  Warnings: 0

mysql> SHOW TABLES;
+--------------------+
| Tables_in_fcmartin |
+--------------------+
| dish               |
| food_order         |
| menu_item          |
| restaurant         |
+--------------------+
4 rows in set (0.00 sec)

mysql> describe dish;
+-----------+----------------------+------+-----+---------+-------+
| Field     | Type                 | Null | Key | Default | Extra |
+-----------+----------------------+------+-----+---------+-------+
| dish_no   | int(11)              | NO   | PRI | NULL    |       |
| dish_name | varchar(25)          | NO   |     | NULL    |       |
| type      | enum('ap','en','ds') | YES  |     | NULL    |       |
+-----------+----------------------+------+-----+---------+-------+
3 rows in set (0.00 sec)

mysql> describe food_order;
+----------+---------+------+-----+---------+-------+
| Field    | Type    | Null | Key | Default | Extra |
+----------+---------+------+-----+---------+-------+
| order_no | int(11) | NO   | PRI | NULL    |       |
| item_no  | int(11) | YES  | MUL | NULL    |       |
| date     | date    | YES  |     | NULL    |       |
| time     | time    | YES  |     | NULL    |       |
+----------+---------+------+-----+---------+-------+
4 rows in set (0.00 sec)

mysql> describe menu_item;
+---------------+--------------+------+-----+---------+-------+
| Field         | Type         | Null | Key | Default | Extra |
+---------------+--------------+------+-----+---------+-------+
| item_no       | int(11)      | NO   | PRI | NULL    |       |
| restaurant_no | int(11)      | YES  | MUL | NULL    |       |
| dish_no       | int(11)      | YES  | MUL | NULL    |       |
| price         | decimal(4,2) | YES  |     | NULL    |       |
+---------------+--------------+------+-----+---------+-------+
4 rows in set (0.00 sec)

mysql> describe restaurant;
+-----------------+-------------+------+-----+---------+-------+
| Field           | Type        | Null | Key | Default | Extra |
+-----------------+-------------+------+-----+---------+-------+
| restaurant_id   | int(11)     | NO   | PRI | NULL    |       |
| restaurant_name | varchar(15) | NO   |     | NULL    |       |
| type            | varchar(15) | NO   |     | NULL    |       |
| city            | varchar(15) | NO   |     | NULL    |       |
+-----------------+-------------+------+-----+---------+-------+
4 rows in set (0.00 sec)

mysql> SHOW CREATE TABLE dish;
+-------+------------------------------------------------------------------------------------------------------------------------------------------------------------------------------------------------------+
| Table | Create Table                                                                                                                                                                                         |
+-------+------------------------------------------------------------------------------------------------------------------------------------------------------------------------------------------------------+
| dish  | CREATE TABLE `dish` (
  `dish_no` int(11) NOT NULL,
  `dish_name` varchar(25) NOT NULL,
  `type` enum('ap','en','ds') DEFAULT NULL,
  PRIMARY KEY (`dish_no`)
) ENGINE=InnoDB DEFAULT CHARSET=latin1 |
+-------+------------------------------------------------------------------------------------------------------------------------------------------------------------------------------------------------------+
1 row in set (0.00 sec)

mysql> SHOW CREATE TABLE food_order;
+------------+--------------------------------------------------------------------------------------------------------------------------------------------------------------------------------------------------------------------------------------------------------------------------------------------------------------------------------------------------------------------+
| Table      | Create Table                                                                                                                                                                                                                                                                                                                                                       |
+------------+--------------------------------------------------------------------------------------------------------------------------------------------------------------------------------------------------------------------------------------------------------------------------------------------------------------------------------------------------------------------+
| food_order | CREATE TABLE `food_order` (
  `order_no` int(11) NOT NULL,
  `item_no` int(11) DEFAULT NULL,
  `date` date DEFAULT NULL,
  `time` time DEFAULT NULL,
  PRIMARY KEY (`order_no`),
  KEY `item_no` (`item_no`),
  CONSTRAINT `food_order_ibfk_1` FOREIGN KEY (`item_no`) REFERENCES `menu_item` (`item_no`) ON DELETE CASCADE
) ENGINE=InnoDB DEFAULT CHARSET=latin1 |
+------------+--------------------------------------------------------------------------------------------------------------------------------------------------------------------------------------------------------------------------------------------------------------------------------------------------------------------------------------------------------------------+
1 row in set (0.00 sec)

mysql> SHOW CREATE TABLE menu_item;;
+-----------+-------------------------------------------------------------------------------------------------------------------------------------------------------------------------------------------------------------------------------------------------------------------------------------------------------------------------------------------------------------------------------------------------------------------------------------------------------------------------------------------------------------------------------------------------------+
| Table     | Create Table                                                                                                                                                                                                                                                                                                                                                                                                                                                                                                                                          |
+-----------+-------------------------------------------------------------------------------------------------------------------------------------------------------------------------------------------------------------------------------------------------------------------------------------------------------------------------------------------------------------------------------------------------------------------------------------------------------------------------------------------------------------------------------------------------------+
| menu_item | CREATE TABLE `menu_item` (
  `item_no` int(11) NOT NULL,
  `restaurant_no` int(11) DEFAULT NULL,
  `dish_no` int(11) DEFAULT NULL,
  `price` decimal(4,2) DEFAULT NULL,
  PRIMARY KEY (`item_no`),
  KEY `restaurant_no` (`restaurant_no`),
  KEY `dish_no` (`dish_no`),
  CONSTRAINT `menu_item_ibfk_1` FOREIGN KEY (`restaurant_no`) REFERENCES `restaurant` (`restaurant_id`) ON DELETE NO ACTION,
  CONSTRAINT `menu_item_ibfk_2` FOREIGN KEY (`dish_no`) REFERENCES `dish` (`dish_no`) ON DELETE SET NULL
) ENGINE=InnoDB DEFAULT CHARSET=latin1 |
+-----------+-------------------------------------------------------------------------------------------------------------------------------------------------------------------------------------------------------------------------------------------------------------------------------------------------------------------------------------------------------------------------------------------------------------------------------------------------------------------------------------------------------------------------------------------------------+
1 row in set (0.00 sec)

ERROR: 
No query specified

mysql> SHOW CREATE TABLE restaurant;
+------------+------------------------------------------------------------------------------------------------------------------------------------------------------------------------------------------------------------------------------------------------+
| Table      | Create Table                                                                                                                                                                                                                                   |
+------------+------------------------------------------------------------------------------------------------------------------------------------------------------------------------------------------------------------------------------------------------+
| restaurant | CREATE TABLE `restaurant` (
  `restaurant_id` int(11) NOT NULL,
  `restaurant_name` varchar(15) NOT NULL,
  `type` varchar(15) NOT NULL,
  `city` varchar(15) NOT NULL,
  PRIMARY KEY (`restaurant_id`)
) ENGINE=InnoDB DEFAULT CHARSET=latin1 |
+------------+------------------------------------------------------------------------------------------------------------------------------------------------------------------------------------------------------------------------------------------------+
1 row in set (0.00 sec)

mysql> SELECT COLUMN_NAME, CONSTRAINT_NAME, REFERENCED_COLUMN_NAME, REFERENCED_TABLE_NAME
    -> FROM INFORMATION_SCHEMA.KEY_COLUMN_USAGE
    -> WHERE REFERENCED_COLUMN_NAME IS NOT NULL AND CONSTRAINT_SCHEMA = 'fcmartin'; 
+---------------+-------------------+------------------------+-----------------------+
| COLUMN_NAME   | CONSTRAINT_NAME   | REFERENCED_COLUMN_NAME | REFERENCED_TABLE_NAME |
+---------------+-------------------+------------------------+-----------------------+
| item_no       | food_order_ibfk_1 | item_no                | menu_item             |
| restaurant_no | menu_item_ibfk_1  | restaurant_id          | restaurant            |
| dish_no       | menu_item_ibfk_2  | dish_no                | dish                  |
+---------------+-------------------+------------------------+-----------------------+
3 rows in set (0.01 sec)

mysql> SELECT * FROM *;
ERROR 1064 (42000): You have an error in your SQL syntax; check the manual that corresponds to your MySQL server version for the right syntax to use near '*' at line 1
mysql> SELECT * FROM dish;
+---------+----------------------+------+
| dish_no | dish_name            | type |
+---------+----------------------+------+
|       7 | Cheese Pizza         | en   |
|      10 | Custard              | ds   |
|      12 | Garlic Bread         | ap   |
|      13 | Spring Rolls         | ap   |
|      15 | Pad Thai             | en   |
|      16 | Pot Stickers         | ap   |
|      19 | Pepperoni Pizza      | en   |
|      22 | Masaman Curry        | en   |
|      44 | Salad                | ap   |
|      77 | Veggie Supreme Pizza | en   |
+---------+----------------------+------+
10 rows in set (0.00 sec)

mysql> SELECT * FROM food_order;
+----------+---------+------------+----------+
| order_no | item_no | date       | time     |
+----------+---------+------------+----------+
|        0 |       2 | 2024-03-01 | 10:30:00 |
|        1 |       0 | 2024-03-02 | 15:33:00 |
|        2 |       3 | 2024-03-01 | 15:35:00 |
|        3 |       5 | 2024-03-03 | 21:00:00 |
|        4 |       7 | 2024-03-01 | 18:11:00 |
|        5 |       7 | 2024-03-04 | 18:51:00 |
|        6 |       9 | 2024-03-01 | 19:00:00 |
|        7 |      11 | 2024-03-05 | 17:15:00 |
|        8 |      11 | 2024-04-01 | 12:10:00 |
+----------+---------+------------+----------+
9 rows in set (0.00 sec)

mysql> SELECT * FROM menu_item;
+---------+---------------+---------+-------+
| item_no | restaurant_no | dish_no | price |
+---------+---------------+---------+-------+
|       0 |             0 |      13 |  8.00 |
|       1 |             0 |      16 |  9.00 |
|       2 |             0 |      44 | 10.00 |
|       3 |             0 |      15 | 19.00 |
|       4 |             0 |      22 | 19.00 |
|       5 |             3 |      44 |  6.25 |
|       6 |             3 |      12 |  5.50 |
|       7 |             3 |       7 | 12.50 |
|       8 |             3 |      19 | 13.50 |
|       9 |             5 |      13 |  6.00 |
|      10 |             5 |      15 | 15.00 |
|      11 |             5 |      22 | 14.00 |
+---------+---------------+---------+-------+
12 rows in set (0.00 sec)

mysql> SELECT * FROM restaurant;
+---------------+-----------------+-------+--------------+
| restaurant_id | restaurant_name | type  | city         |
+---------------+-----------------+-------+--------------+
|             0 | Tasty Thai      | Asian | Dallas       |
|             3 | Eureka Pizza    | Pizza | Fayetteville |
|             5 | Tasty Thai      | Asian | Las Vegas    |
+---------------+-----------------+-------+--------------+
3 rows in set (0.00 sec)

mysql> source queries.sql;
+-----------------+--------------+
| restaurant_name | city         |
+-----------------+--------------+
| Tasty Thai      | Dallas       |
| Eureka Pizza    | Fayetteville |
+-----------------+--------------+
2 rows in set (0.00 sec)

+---------------+-----------------+-----------+-------+
| dish_name     | restaurant_name | city      | price |
+---------------+-----------------+-----------+-------+
| Spring Rolls  | Tasty Thai      | Dallas    |  8.00 |
| Pot Stickers  | Tasty Thai      | Dallas    |  9.00 |
| Salad         | Tasty Thai      | Dallas    | 10.00 |
| Pad Thai      | Tasty Thai      | Dallas    | 19.00 |
| Masaman Curry | Tasty Thai      | Dallas    | 19.00 |
| Spring Rolls  | Tasty Thai      | Las Vegas |  6.00 |
| Pad Thai      | Tasty Thai      | Las Vegas | 15.00 |
| Masaman Curry | Tasty Thai      | Las Vegas | 14.00 |
+---------------+-----------------+-----------+-------+
8 rows in set (0.00 sec)

+-----------------+--------------+-----------+-----------+
| restaurant_name | city         | num_items | avg_price |
+-----------------+--------------+-----------+-----------+
| Eureka Pizza    | Fayetteville |         4 |  9.437500 |
| Tasty Thai      | Dallas       |         5 | 13.000000 |
| Tasty Thai      | Las Vegas    |         3 | 11.666667 |
+-----------------+--------------+-----------+-----------+
3 rows in set (0.00 sec)

+------------+-----------+----------+-----------+
| num_orders | avg_price | sum_base | sum_total |
+------------+-----------+----------+-----------+
|          4 |  9.437500 |    37.75 |   41.5250 |
+------------+-----------+----------+-----------+
1 row in set (0.00 sec)

+------------+-----------+----------+-----------+
| num_orders | avg_price | sum_base | sum_total |
+------------+-----------+----------+-----------+
|          8 | 11.031250 |    88.25 |   97.0750 |
+------------+-----------+----------+-----------+
1 row in set (0.00 sec)

mysql> notee
